WARN [07-29|09:05:38.976] Unknown config environment variable      envvar=GETH_BIN
INFO [07-29|09:05:39.003] Maximum peer count                       ETH=50 total=50
INFO [07-29|09:05:39.006] Smartcard socket not found, disabling    err="stat /run/pcscd/pcscd.comm: no such file or directory"
INFO [07-29|09:05:39.010] Set global gas cap                       cap=50,000,000
INFO [07-29|09:05:39.011] Initializing the KZG library             backend=gokzg
INFO [07-29|09:05:39.041] Allocated trie memory caches             clean=154.00MiB dirty=256.00MiB
INFO [07-29|09:05:39.041] Using pebble as the backing database
INFO [07-29|09:05:39.041] Allocated cache and file handles         database=/root/qqf/raptorq-geth/data/node1/geth/chaindata cache=512.00MiB handles=1,073,741,792
INFO [07-29|09:05:39.045] Opened ancient database                  database=/root/qqf/raptorq-geth/data/node1/geth/chaindata/ancient/chain readonly=false
INFO [07-29|09:05:39.045] State scheme set to already existing     scheme=hash
INFO [07-29|09:05:39.045] Defaulting to pebble as the backing database
INFO [07-29|09:05:39.045] Allocated cache and file handles         database=/root/qqf/raptorq-geth/data/node1/geth/fountainmptdata cache=64.00MiB handles=1,073,741,792
INFO [07-29|09:05:39.047] Initialising Ethereum protocol           network=12345 dbversion=<nil>
INFO [07-29|09:05:39.047] Fountain MPT shadow adapter enabled      epoch=16 rows=1 nodes=4 nodeIndex=0 store=fountainmptdata
INFO [07-29|09:05:39.047] 
INFO [07-29|09:05:39.047] ---------------------------------------------------------------------------------------------------------------------------------------------------------
INFO [07-29|09:05:39.047] Chain ID:  12345 (unknown)
INFO [07-29|09:05:39.047] Consensus: Clique (proof-of-authority)
INFO [07-29|09:05:39.047] 
INFO [07-29|09:05:39.047] Pre-Merge hard forks (block based):
INFO [07-29|09:05:39.047]  - Homestead:                   #0        (https://github.com/ethereum/execution-specs/blob/master/network-upgrades/mainnet-upgrades/homestead.md)
INFO [07-29|09:05:39.047]  - Tangerine Whistle (EIP 150): #0        (https://github.com/ethereum/execution-specs/blob/master/network-upgrades/mainnet-upgrades/tangerine-whistle.md)
INFO [07-29|09:05:39.047]  - Spurious Dragon/1 (EIP 155): #0        (https://github.com/ethereum/execution-specs/blob/master/network-upgrades/mainnet-upgrades/spurious-dragon.md)
INFO [07-29|09:05:39.047]  - Spurious Dragon/2 (EIP 158): #0        (https://github.com/ethereum/execution-specs/blob/master/network-upgrades/mainnet-upgrades/spurious-dragon.md)
INFO [07-29|09:05:39.047]  - Byzantium:                   #0        (https://github.com/ethereum/execution-specs/blob/master/network-upgrades/mainnet-upgrades/byzantium.md)
INFO [07-29|09:05:39.047]  - Constantinople:              #0        (https://github.com/ethereum/execution-specs/blob/master/network-upgrades/mainnet-upgrades/constantinople.md)
INFO [07-29|09:05:39.047]  - Petersburg:                  #0        (https://github.com/ethereum/execution-specs/blob/master/network-upgrades/mainnet-upgrades/petersburg.md)
INFO [07-29|09:05:39.047]  - Istanbul:                    #0        (https://github.com/ethereum/execution-specs/blob/master/network-upgrades/mainnet-upgrades/istanbul.md)
INFO [07-29|09:05:39.047]  - Berlin:                      #0        (https://github.com/ethereum/execution-specs/blob/master/network-upgrades/mainnet-upgrades/berlin.md)
INFO [07-29|09:05:39.047]  - London:                      #<nil> (https://github.com/ethereum/execution-specs/blob/master/network-upgrades/mainnet-upgrades/london.md)
INFO [07-29|09:05:39.047] 
INFO [07-29|09:05:39.047] The Merge is not yet available for this network!
INFO [07-29|09:05:39.047]  - Hard-fork specification: https://github.com/ethereum/execution-specs/blob/master/network-upgrades/mainnet-upgrades/paris.md
INFO [07-29|09:05:39.047] 
INFO [07-29|09:05:39.047] Post-Merge hard forks (timestamp based):
INFO [07-29|09:05:39.047] 
INFO [07-29|09:05:39.047] ---------------------------------------------------------------------------------------------------------------------------------------------------------
INFO [07-29|09:05:39.047] 
INFO [07-29|09:05:39.047] Loaded most recent local block           number=0 hash=071c84..829993 td=1 age=57y4mo3w
WARN [07-29|09:05:39.048] Failed to load snapshot                  err="missing or corrupted snapshot"
INFO [07-29|09:05:39.048] Rebuilding state snapshot
INFO [07-29|09:05:39.048] Initialized transaction indexer          range="last 2350000 blocks"
INFO [07-29|09:05:39.048] Resuming state snapshot generation       root=38eb50..9b0d65 accounts=0 slots=0 storage=0.00B dangling=0 elapsed="372.469µs"
INFO [07-29|09:05:39.048] Regenerated local transaction journal    transactions=0 accounts=0
INFO [07-29|09:05:39.050] Generated state snapshot                 accounts=4 slots=0 storage=184.00B dangling=0 elapsed=1.497ms
INFO [07-29|09:05:39.077] Enabled snap sync                        head=0 hash=071c84..829993
INFO [07-29|09:05:39.078] Gasprice oracle is ignoring threshold set threshold=2
INFO [07-29|09:05:39.078] Stored checkpoint snapshot to disk       number=0 hash=071c84..829993
WARN [07-29|09:05:39.079] Engine API enabled                       protocol=eth
WARN [07-29|09:05:39.079] Engine API started but chain not configured for merge yet
INFO [07-29|09:05:39.079] Starting peer-to-peer node               instance=Geth/v1.13.12-stable-25a0d7a7/linux-amd64/go1.22.3
INFO [07-29|09:05:39.086] New local node record                    seq=1,785,315,939,084 id=88ec912671775ee9 ip=127.0.0.1 udp=0 tcp=30303
INFO [07-29|09:05:39.087] Started P2P networking                   self="enode://d39bf0e8df959f4369e0c8851727834eff0bc99d9044f9b3fda4890911279ab46ce52a7127fecccd809a66389d7ddfef65b0935d36f9b13d575291c2083f1d32@127.0.0.1:30303?discport=0"
INFO [07-29|09:05:39.087] IPC endpoint opened                      url=/root/qqf/raptorq-geth/data/node1/geth.ipc
INFO [07-29|09:05:39.088] Generated JWT secret                     path=/root/qqf/raptorq-geth/data/node1/geth/jwtsecret
INFO [07-29|09:05:39.089] HTTP server started                      endpoint=127.0.0.1:8545 auth=false prefix= cors= vhosts=localhost
INFO [07-29|09:05:39.089] WebSocket enabled                        url=ws://127.0.0.1:8551
INFO [07-29|09:05:39.089] HTTP server started                      endpoint=127.0.0.1:8551 auth=true  prefix= cors=localhost vhosts=localhost
INFO [07-29|09:05:40.005] Unlocked account                         address=0x92424e4F86201c931BA53EB48619D93244c18E13
INFO [07-29|09:05:40.005] Legacy pool tip threshold updated        tip=0
INFO [07-29|09:05:40.005] Legacy pool tip threshold updated        tip=1,000,000,000
INFO [07-29|09:05:40.005] Snap sync complete, auto disabling
INFO [07-29|09:05:40.005] Commit new sealing work                  number=1 sealhash=fe330b..6cda07 txs=0 gas=0 fees=0 elapsed="90.639µs"
INFO [07-29|09:05:40.006] Successfully sealed new block            number=1 sealhash=fe330b..6cda07 hash=d6afe0..471ff6 elapsed="857.13µs"
INFO [07-29|09:05:40.007] Indexed transactions                     blocks=2 txs=0 tail=0 elapsed="484.243µs"
INFO [07-29|09:05:40.007] Commit new sealing work                  number=2 sealhash=c2d862..5a9eb5 txs=0 gas=0 fees=0 elapsed="714.22µs"
INFO [07-29|09:05:41.001] Successfully sealed new block            number=2 sealhash=c2d862..5a9eb5 hash=b26d4c..be8b99 elapsed=994.376ms
INFO [07-29|09:05:41.002] Commit new sealing work                  number=3 sealhash=f827d3..bf0397 txs=0 gas=0 fees=0 elapsed="538.034µs"
INFO [07-29|09:05:42.001] Successfully sealed new block            number=3 sealhash=f827d3..bf0397 hash=8be24b..c02e78 elapsed=998.769ms
INFO [07-29|09:05:42.001] Commit new sealing work                  number=4 sealhash=2eb52b..160c9d txs=0 gas=0 fees=0 elapsed="469.371µs"
INFO [07-29|09:05:43.001] Successfully sealed new block            number=4 sealhash=2eb52b..160c9d hash=b23105..70e1d9 elapsed=1.000s
INFO [07-29|09:05:43.002] Commit new sealing work                  number=5 sealhash=2e709e..a8b1f4 txs=0 gas=0 fees=0 elapsed="654.364µs"
INFO [07-29|09:05:44.001] Successfully sealed new block            number=5 sealhash=2e709e..a8b1f4 hash=38b60a..888ad8 elapsed=999.380ms
INFO [07-29|09:05:44.002] Commit new sealing work                  number=6 sealhash=de8b11..a4de45 txs=0 gas=0 fees=0 elapsed="626.99µs"
INFO [07-29|09:05:45.001] Successfully sealed new block            number=6 sealhash=de8b11..a4de45 hash=f3c8bf..74c88b elapsed=998.825ms
INFO [07-29|09:05:45.001] Commit new sealing work                  number=7 sealhash=da50d2..42251e txs=0 gas=0 fees=0 elapsed="596.317µs"
INFO [07-29|09:05:46.001] Successfully sealed new block            number=7 sealhash=da50d2..42251e hash=c31fea..019f39 elapsed=999.892ms
INFO [07-29|09:05:46.002] Commit new sealing work                  number=8 sealhash=a3e912..d116f9 txs=0 gas=0 fees=0 elapsed="577.074µs"
INFO [07-29|09:05:47.001] Successfully sealed new block            number=8 sealhash=a3e912..d116f9 hash=d40ff1..a66ab3 elapsed=999.027ms
INFO [07-29|09:05:47.002] Commit new sealing work                  number=9 sealhash=13b718..228a1e txs=0 gas=0 fees=0 elapsed="570.982µs"
INFO [07-29|09:05:47.991] Setting new local account                address=0x92424e4F86201c931BA53EB48619D93244c18E13
INFO [07-29|09:05:47.991] Submitted transaction                    hash=0x89d5ea05d6dd4e0c1536a09784a7ea03a4424e1e9b38e71f301a295218b54c35 from=0x92424e4F86201c931BA53EB48619D93244c18E13 nonce=0 recipient=0x1000000000000000000000000000000000000001 value=1
INFO [07-29|09:05:48.001] Successfully sealed new block            number=9 sealhash=13b718..228a1e hash=055bb4..54346a elapsed=999.612ms
INFO [07-29|09:05:48.002] Commit new sealing work                  number=10 sealhash=b76835..fd1214 txs=1 gas=21000 fees=2.1e-05 elapsed=1.075ms
INFO [07-29|09:05:48.010] Submitted transaction                    hash=0x3d41479915ebbf2da11136b32ab05b7bb1d045f1e156307a1a833ad7012423d6 from=0x92424e4F86201c931BA53EB48619D93244c18E13 nonce=1 recipient=0x1000000000000000000000000000000000000002 value=1
INFO [07-29|09:05:48.032] Submitted transaction                    hash=0xda2a54bf485f1ae2136c14977bd82ce529d45934e6e826cbf4d18a9b09f65427 from=0x92424e4F86201c931BA53EB48619D93244c18E13 nonce=2 recipient=0x1000000000000000000000000000000000000003 value=1
INFO [07-29|09:05:48.053] Submitted transaction                    hash=0xabf740c27ce8d5c72edb8c2c41027533808a04cf299a8d9deaa3369eebae2a8f from=0x92424e4F86201c931BA53EB48619D93244c18E13 nonce=3 recipient=0x1000000000000000000000000000000000000004 value=1
INFO [07-29|09:05:48.072] Submitted transaction                    hash=0x33b221fc4cc439d68075087ce9000fbcf336f9fdff2a0cc179952a23fef61b1d from=0x92424e4F86201c931BA53EB48619D93244c18E13 nonce=4 recipient=0x1000000000000000000000000000000000000005 value=1
INFO [07-29|09:05:48.094] Submitted transaction                    hash=0xe8955560cd9602fb475d941e294d6f36db273bfc83621892d05513376c555272 from=0x92424e4F86201c931BA53EB48619D93244c18E13 nonce=5 recipient=0x1000000000000000000000000000000000000006 value=1
INFO [07-29|09:05:48.115] Submitted transaction                    hash=0x6a080fad79bb59be58cc626d99dc908380702485678e5a456503b0039b506999 from=0x92424e4F86201c931BA53EB48619D93244c18E13 nonce=6 recipient=0x1000000000000000000000000000000000000007 value=1
INFO [07-29|09:05:48.136] Submitted transaction                    hash=0x7e04fdec0547c049ada23e9186e5d58c40e31be169267aacf30fb970b518168c from=0x92424e4F86201c931BA53EB48619D93244c18E13 nonce=7 recipient=0x1000000000000000000000000000000000000008 value=1
INFO [07-29|09:05:48.157] Submitted transaction                    hash=0x9f93a380ead1ad972f71207eec93174839e6615564adb4319e86538ebde30611 from=0x92424e4F86201c931BA53EB48619D93244c18E13 nonce=8 recipient=0x1000000000000000000000000000000000000009 value=1
INFO [07-29|09:05:48.178] Submitted transaction                    hash=0x9192ac04af162b20927aa12fa3c0363012be5f6a596ea4eea6bf37d2eb4fb1bd from=0x92424e4F86201c931BA53EB48619D93244c18E13 nonce=9 recipient=0x100000000000000000000000000000000000000A value=1
INFO [07-29|09:05:48.200] Submitted transaction                    hash=0xdf413439fdda990573750d839ee649b40c5f966eeeb2e7302551d7faecc5fe71 from=0x92424e4F86201c931BA53EB48619D93244c18E13 nonce=10 recipient=0x100000000000000000000000000000000000000b value=1
INFO [07-29|09:05:48.219] Submitted transaction                    hash=0xa2604f22012090c47ab5a669f7ad3ce51e3a0e010501b8a1c3ff7317b6358d43 from=0x92424e4F86201c931BA53EB48619D93244c18E13 nonce=11 recipient=0x100000000000000000000000000000000000000c value=1
INFO [07-29|09:05:48.274] Submitted transaction                    hash=0x9726077500a19d99877ba5296a7c17f049ebbd884a83c94e7901ca709bd8e517 from=0x92424e4F86201c931BA53EB48619D93244c18E13 nonce=12 recipient=0x100000000000000000000000000000000000000d value=1
INFO [07-29|09:05:48.295] Submitted transaction                    hash=0x4933357639f309e234130d34a55e01b39e4a40c84cd27f84f6dd5678f4029a10 from=0x92424e4F86201c931BA53EB48619D93244c18E13 nonce=13 recipient=0x100000000000000000000000000000000000000e value=1
INFO [07-29|09:05:48.318] Submitted transaction                    hash=0xe77b77021fb944da38e24476d70a149ff3cc20654903c1b6626f3079da2e1aef from=0x92424e4F86201c931BA53EB48619D93244c18E13 nonce=14 recipient=0x100000000000000000000000000000000000000f value=1
INFO [07-29|09:05:48.336] Submitted transaction                    hash=0x0c10a3ca184d02c6658476592165dab6a3ff70df4d8568d95ed2c3000f37078a from=0x92424e4F86201c931BA53EB48619D93244c18E13 nonce=15 recipient=0x1000000000000000000000000000000000000010 value=1
INFO [07-29|09:05:48.357] Submitted transaction                    hash=0x9a4f6d62d4187b28e5523189c113e477369ed6f75e9cdadd5040a6ea2c856ec5 from=0x92424e4F86201c931BA53EB48619D93244c18E13 nonce=16 recipient=0x1000000000000000000000000000000000000011 value=1
INFO [07-29|09:05:48.378] Submitted transaction                    hash=0x476e9ebd42c09158587860863d582cb9d62f921d0e3b89fed47201fe85751614 from=0x92424e4F86201c931BA53EB48619D93244c18E13 nonce=17 recipient=0x1000000000000000000000000000000000000012 value=1
INFO [07-29|09:05:48.399] Submitted transaction                    hash=0x52f2a7f1141aaa58f6ddaad058661d0986cde44cdaffa5d33fde927a58975d8a from=0x92424e4F86201c931BA53EB48619D93244c18E13 nonce=18 recipient=0x1000000000000000000000000000000000000013 value=1
INFO [07-29|09:05:48.418] Submitted transaction                    hash=0x670fb77b9f729319bb5119d662c1abcdc956f4de8696e59a8f5a4d3e3bb8c06a from=0x92424e4F86201c931BA53EB48619D93244c18E13 nonce=19 recipient=0x1000000000000000000000000000000000000014 value=1
INFO [07-29|09:05:48.439] Submitted transaction                    hash=0x053f665334761aece839104b2a53034996b26752bb038d64040daa2919b34f17 from=0x92424e4F86201c931BA53EB48619D93244c18E13 nonce=20 recipient=0x1000000000000000000000000000000000000015 value=1
INFO [07-29|09:05:48.461] Submitted transaction                    hash=0xf4ffd6d65470469cf8bcd3cb0ed02ed67edc34b21c681f63f3356863cab312d7 from=0x92424e4F86201c931BA53EB48619D93244c18E13 nonce=21 recipient=0x1000000000000000000000000000000000000016 value=1
INFO [07-29|09:05:48.482] Submitted transaction                    hash=0x12c22b4d2a9957e93122e042d75eb7ade845f2ec42c7d2896bb4a47ae0042a3e from=0x92424e4F86201c931BA53EB48619D93244c18E13 nonce=22 recipient=0x1000000000000000000000000000000000000017 value=1
INFO [07-29|09:05:48.503] Submitted transaction                    hash=0x5349b56dafaca673d3fc839445245b44a1b1244810a73dba6391dce83a18abc7 from=0x92424e4F86201c931BA53EB48619D93244c18E13 nonce=23 recipient=0x1000000000000000000000000000000000000018 value=1
INFO [07-29|09:05:48.525] Submitted transaction                    hash=0x0c9a4b4028814f8e97dd57dd71971b91113649594a297461d9f9c90550c7e28b from=0x92424e4F86201c931BA53EB48619D93244c18E13 nonce=24 recipient=0x1000000000000000000000000000000000000019 value=1
INFO [07-29|09:05:48.548] Submitted transaction                    hash=0xc2ab080f3e70486be8c36c9c79cba9c4467666db7432ec9185b2b16e6f3794ba from=0x92424e4F86201c931BA53EB48619D93244c18E13 nonce=25 recipient=0x100000000000000000000000000000000000001a value=1
INFO [07-29|09:05:48.567] Submitted transaction                    hash=0xa9a9013c2c35ff23c96d5f6ff124408244e91520bc6534b1ddf3c2e71e653c55 from=0x92424e4F86201c931BA53EB48619D93244c18E13 nonce=26 recipient=0x100000000000000000000000000000000000001B value=1
INFO [07-29|09:05:48.588] Submitted transaction                    hash=0x106fdfc3d7cda9afba0aad9aad194bf8790a297c17605197077a26061b9c052c from=0x92424e4F86201c931BA53EB48619D93244c18E13 nonce=27 recipient=0x100000000000000000000000000000000000001C value=1
INFO [07-29|09:05:48.606] Submitted transaction                    hash=0xf41032c9c2aa055a495fd2aecbaecd2bde036da7b9c081aa1d5c427825450d98 from=0x92424e4F86201c931BA53EB48619D93244c18E13 nonce=28 recipient=0x100000000000000000000000000000000000001d value=1
INFO [07-29|09:05:48.627] Submitted transaction                    hash=0x75c8f4253ecf2b87dbcdb9b52a14189801123770cfc016bba55ac71081bd108b from=0x92424e4F86201c931BA53EB48619D93244c18E13 nonce=29 recipient=0x100000000000000000000000000000000000001E value=1
INFO [07-29|09:05:48.648] Submitted transaction                    hash=0x72fa5ba894f857dc037e3d516f174e3c31cfbf904a0d6a86efa03d5daa0fa86f from=0x92424e4F86201c931BA53EB48619D93244c18E13 nonce=30 recipient=0x100000000000000000000000000000000000001F value=1
INFO [07-29|09:05:48.669] Submitted transaction                    hash=0xfec442a70e145518c7eff521b516a18529395e397b99ffc89caf75f922f64b4a from=0x92424e4F86201c931BA53EB48619D93244c18E13 nonce=31 recipient=0x1000000000000000000000000000000000000020 value=1
INFO [07-29|09:05:48.691] Submitted transaction                    hash=0x5b06b182e63ecbd622609707dd4c0b303079deb3c46c7fdaa7c7cb9fa46aa3ce from=0x92424e4F86201c931BA53EB48619D93244c18E13 nonce=32 recipient=0x1000000000000000000000000000000000000021 value=1
INFO [07-29|09:05:48.712] Submitted transaction                    hash=0x60f8eb61b14be4a41646f7e16cf38fde3bb23fc040daff4e56cc6000f9ae9837 from=0x92424e4F86201c931BA53EB48619D93244c18E13 nonce=33 recipient=0x1000000000000000000000000000000000000022 value=1
INFO [07-29|09:05:48.735] Submitted transaction                    hash=0x18eaa0faf015558c1c50f9f9915b8c64105aff661472a03c3c1c180c78c21178 from=0x92424e4F86201c931BA53EB48619D93244c18E13 nonce=34 recipient=0x1000000000000000000000000000000000000023 value=1
INFO [07-29|09:05:48.758] Submitted transaction                    hash=0x6fd218ef9fc349adcc3fcf8f569bbb57e25cf703f0d0ff482af7b550101823d1 from=0x92424e4F86201c931BA53EB48619D93244c18E13 nonce=35 recipient=0x1000000000000000000000000000000000000024 value=1
INFO [07-29|09:05:48.780] Submitted transaction                    hash=0xc9a5a1310f11788dbb7352521457b8e5adea23ca2eff6aac6bf28ff840b14358 from=0x92424e4F86201c931BA53EB48619D93244c18E13 nonce=36 recipient=0x1000000000000000000000000000000000000025 value=1
INFO [07-29|09:05:48.801] Submitted transaction                    hash=0x1e2b61119e485d003ec7b43e558d62f75ffced669a6fb986b96146e2f1c792a4 from=0x92424e4F86201c931BA53EB48619D93244c18E13 nonce=37 recipient=0x1000000000000000000000000000000000000026 value=1
INFO [07-29|09:05:48.823] Submitted transaction                    hash=0x0713801d63a8ad58733812413d83ee63e8a24ee16c04eafb80e82b9788dafafd from=0x92424e4F86201c931BA53EB48619D93244c18E13 nonce=38 recipient=0x1000000000000000000000000000000000000027 value=1
INFO [07-29|09:05:48.845] Submitted transaction                    hash=0xbd34fb531425d1a3ea41c68bc203c74edf481fced5d3217394d95bfcc4ed64c9 from=0x92424e4F86201c931BA53EB48619D93244c18E13 nonce=39 recipient=0x1000000000000000000000000000000000000028 value=1
INFO [07-29|09:05:49.002] Successfully sealed new block            number=10 sealhash=b76835..fd1214 hash=6e51f0..3b7a99 elapsed=1.000s
INFO [07-29|09:05:49.010] Commit new sealing work                  number=11 sealhash=d3ef17..2d601c txs=39 gas=819,000 fees=0.000819 elapsed=7.288ms
INFO [07-29|09:05:50.003] Successfully sealed new block            number=11 sealhash=d3ef17..2d601c hash=274fa8..018d6c elapsed=992.955ms
INFO [07-29|09:05:50.015] Commit new sealing work                  number=12 sealhash=2bbfc3..ee31c1 txs=0  gas=0       fees=0        elapsed=12.484ms
INFO [07-29|09:05:51.001] Successfully sealed new block            number=12 sealhash=2bbfc3..ee31c1 hash=0b277c..1731a1 elapsed=985.695ms
INFO [07-29|09:05:51.001] Commit new sealing work                  number=13 sealhash=811b05..ea77f9 txs=0  gas=0       fees=0        elapsed="524.715µs"
INFO [07-29|09:05:52.001] Successfully sealed new block            number=13 sealhash=811b05..ea77f9 hash=f827da..50fa92 elapsed=1.000s
INFO [07-29|09:05:52.002] Commit new sealing work                  number=14 sealhash=40417e..5a64c7 txs=0  gas=0       fees=0        elapsed="625.869µs"
INFO [07-29|09:05:52.036] Submitted transaction                    hash=0x9b199930ae61534294dcf772d981105eff1599ca6ed0af938481bf3c352aa6c8 from=0x92424e4F86201c931BA53EB48619D93244c18E13 nonce=40 recipient=0x1000000000000000000000000000000000000001 value=2
INFO [07-29|09:05:52.058] Submitted transaction                    hash=0xc80f36379c00a7a5acd7fbb65d17af3f78107d13a0b9aba9d5b6e9a03d71b394 from=0x92424e4F86201c931BA53EB48619D93244c18E13 nonce=41 recipient=0x1000000000000000000000000000000000000002 value=2
INFO [07-29|09:05:52.080] Submitted transaction                    hash=0x4ca90aa6ab63b7eb0137e60022ca8737de581af39a95b67301ede663e4ebcc3a from=0x92424e4F86201c931BA53EB48619D93244c18E13 nonce=42 recipient=0x1000000000000000000000000000000000000003 value=2
INFO [07-29|09:05:52.103] Submitted transaction                    hash=0x74afb6d710cb82116c6cc18d9c834460f7b9efbc70f162845f6e498376fa0994 from=0x92424e4F86201c931BA53EB48619D93244c18E13 nonce=43 recipient=0x1000000000000000000000000000000000000004 value=2
INFO [07-29|09:05:52.125] Submitted transaction                    hash=0x5095aee59e0f9a9cc4d89bd042ed1e4e5faa979d2a80445818aef3e9454ac64a from=0x92424e4F86201c931BA53EB48619D93244c18E13 nonce=44 recipient=0x1000000000000000000000000000000000000005 value=2
INFO [07-29|09:05:52.147] Submitted transaction                    hash=0x4b80ef2bdab118dd8af3c9f233d958ee9ad94629b23a2a4fdef0e2263004ed11 from=0x92424e4F86201c931BA53EB48619D93244c18E13 nonce=45 recipient=0x1000000000000000000000000000000000000006 value=2
INFO [07-29|09:05:52.169] Submitted transaction                    hash=0xbd71cdc6ef4331543a82147533175c2ad3dbb73a81ee5f4a6aeacb6109e8d303 from=0x92424e4F86201c931BA53EB48619D93244c18E13 nonce=46 recipient=0x1000000000000000000000000000000000000007 value=2
INFO [07-29|09:05:52.190] Submitted transaction                    hash=0x7c526ca7748e85e12b65c46e8d8545bb1b2636e4cc52799756df9cc2b36fde63 from=0x92424e4F86201c931BA53EB48619D93244c18E13 nonce=47 recipient=0x1000000000000000000000000000000000000008 value=2
INFO [07-29|09:05:52.212] Submitted transaction                    hash=0x5369b2b6143856c35f5123b22aa93db364e86aac5eee703e31f84193e4c52a8d from=0x92424e4F86201c931BA53EB48619D93244c18E13 nonce=48 recipient=0x1000000000000000000000000000000000000009 value=2
INFO [07-29|09:05:52.233] Submitted transaction                    hash=0xbbd0a2d349a78fdabdfc7cd6cb90667e21641ac82eeb7339b3941cd9007cb825 from=0x92424e4F86201c931BA53EB48619D93244c18E13 nonce=49 recipient=0x100000000000000000000000000000000000000A value=2
INFO [07-29|09:05:52.257] Submitted transaction                    hash=0x65b1c773a33287dd235a7075dcdddfbbef7f09ba1779de3d8592d35c5fa57fe6 from=0x92424e4F86201c931BA53EB48619D93244c18E13 nonce=50 recipient=0x100000000000000000000000000000000000000b value=2
INFO [07-29|09:05:52.279] Submitted transaction                    hash=0x4cd185be0098ba0865b564a646eafd3649ceb75de226f063c5829d03e66dbf98 from=0x92424e4F86201c931BA53EB48619D93244c18E13 nonce=51 recipient=0x100000000000000000000000000000000000000c value=2
INFO [07-29|09:05:52.336] Submitted transaction                    hash=0x2133d3776148161f22e2645ff3fc478c8165c3170a2a4832a4327faa8d869d39 from=0x92424e4F86201c931BA53EB48619D93244c18E13 nonce=52 recipient=0x1000000000000000000000000000000000000029 value=2
INFO [07-29|09:05:52.358] Submitted transaction                    hash=0x6e80afeaf76ac5e7a45062a0d7eeb26318689c6079143765a96194bb81e09fec from=0x92424e4F86201c931BA53EB48619D93244c18E13 nonce=53 recipient=0x100000000000000000000000000000000000002a value=2
INFO [07-29|09:05:52.380] Submitted transaction                    hash=0x800ab0fc24078a15cae954f14e03eb773c3b74366e471b1908d966e81f63eb7f from=0x92424e4F86201c931BA53EB48619D93244c18E13 nonce=54 recipient=0x100000000000000000000000000000000000002b value=2
INFO [07-29|09:05:52.403] Submitted transaction                    hash=0xc5bcf8cbff3d5481eeac05371c43ed11fc5f1fbea7a54ae6e0f99d56d632ba3b from=0x92424e4F86201c931BA53EB48619D93244c18E13 nonce=55 recipient=0x100000000000000000000000000000000000002c value=2
INFO [07-29|09:05:52.421] Submitted transaction                    hash=0xdd960e89075b126a5f1536e7daf217cc9d7aba03ff635cea3c1941020edbf492 from=0x92424e4F86201c931BA53EB48619D93244c18E13 nonce=56 recipient=0x100000000000000000000000000000000000002d value=2
INFO [07-29|09:05:52.437] Submitted transaction                    hash=0xce0126c7018ffe5155141869d4e1d3383f55268d025825a15cd3437fbe9796ac from=0x92424e4F86201c931BA53EB48619D93244c18E13 nonce=57 recipient=0x100000000000000000000000000000000000002e value=2
INFO [07-29|09:05:52.459] Submitted transaction                    hash=0x9622780302eccaad9c092650afde76bf56c470e3e6cfc5877c1dbb310e307665 from=0x92424e4F86201c931BA53EB48619D93244c18E13 nonce=58 recipient=0x100000000000000000000000000000000000002f value=2
INFO [07-29|09:05:52.481] Submitted transaction                    hash=0xdf0fe619c884e3b609dcd638ca1ffd579191d59eae08b8ad00887a048b8582bc from=0x92424e4F86201c931BA53EB48619D93244c18E13 nonce=59 recipient=0x1000000000000000000000000000000000000030 value=2
INFO [07-29|09:05:52.500] Submitted transaction                    hash=0x003e131157d0c39c6b5155fbaa3d4ef60e3ca17e98c1846535a45c60bc5abfb5 from=0x92424e4F86201c931BA53EB48619D93244c18E13 nonce=60 recipient=0x1000000000000000000000000000000000000031 value=2
INFO [07-29|09:05:52.521] Submitted transaction                    hash=0x3b55e3b8ef5629ade433d9901beaff86ee3ddac64ce0871008ecb7509e1e3e81 from=0x92424e4F86201c931BA53EB48619D93244c18E13 nonce=61 recipient=0x1000000000000000000000000000000000000032 value=2
INFO [07-29|09:05:52.543] Submitted transaction                    hash=0xba05874df1ffffa8848b9ee5c165f2d5327e872b7db1ab8b8d4b7a1400fadc45 from=0x92424e4F86201c931BA53EB48619D93244c18E13 nonce=62 recipient=0x1000000000000000000000000000000000000033 value=2
INFO [07-29|09:05:52.564] Submitted transaction                    hash=0xf43d8c139338eef9e4d6ba25469da4fc93cf2e1c07cddbb2c11a70bde1c97792 from=0x92424e4F86201c931BA53EB48619D93244c18E13 nonce=63 recipient=0x1000000000000000000000000000000000000034 value=2
INFO [07-29|09:05:52.584] Submitted transaction                    hash=0x2c5a09e52adbc7c4cb875d5d576e0e2c22437f33d586271eef5d458e22900803 from=0x92424e4F86201c931BA53EB48619D93244c18E13 nonce=64 recipient=0x1000000000000000000000000000000000000035 value=2
INFO [07-29|09:05:52.605] Submitted transaction                    hash=0xdbd7a2dfdbb842ec286d80c3a4b2f64f1754b29f2d042c73c14f52969cefcae4 from=0x92424e4F86201c931BA53EB48619D93244c18E13 nonce=65 recipient=0x1000000000000000000000000000000000000036 value=2
INFO [07-29|09:05:52.626] Submitted transaction                    hash=0xe3402db5ce4fecb4fec697ec5fc01e8d031474bddb2d7a862763f659b8e8ee14 from=0x92424e4F86201c931BA53EB48619D93244c18E13 nonce=66 recipient=0x1000000000000000000000000000000000000037 value=2
INFO [07-29|09:05:52.645] Submitted transaction                    hash=0x788756667ec9e718348ce5120d8757993c10e90877824570d4bb991f400c6e92 from=0x92424e4F86201c931BA53EB48619D93244c18E13 nonce=67 recipient=0x1000000000000000000000000000000000000038 value=2
INFO [07-29|09:05:52.661] Submitted transaction                    hash=0x13f0bf2f80c3794670caeb84a2126577d980b05101b9cb9cd9342f130cc8eb42 from=0x92424e4F86201c931BA53EB48619D93244c18E13 nonce=68 recipient=0x1000000000000000000000000000000000000039 value=2
INFO [07-29|09:05:52.683] Submitted transaction                    hash=0xee19b6990eaa34e438c3966d00703b2903c0f07844b4d1253970931f9bcabf18 from=0x92424e4F86201c931BA53EB48619D93244c18E13 nonce=69 recipient=0x100000000000000000000000000000000000003a value=2
INFO [07-29|09:05:52.706] Submitted transaction                    hash=0x311113d99ea33e97f5268cdccffe065713f4a02a8365598689d55cd4ee96bedd from=0x92424e4F86201c931BA53EB48619D93244c18E13 nonce=70 recipient=0x100000000000000000000000000000000000003b value=2
INFO [07-29|09:05:52.728] Submitted transaction                    hash=0x6e0914973d433eb339be63dbf61cf516833a73684cf143bfa7dc0e490b363ccb from=0x92424e4F86201c931BA53EB48619D93244c18E13 nonce=71 recipient=0x100000000000000000000000000000000000003C value=2
INFO [07-29|09:05:52.750] Submitted transaction                    hash=0xc7b3e318bcd61bc420d930f2c5daa046fc736f2fe4fad995ac9afe5205bf32ff from=0x92424e4F86201c931BA53EB48619D93244c18E13 nonce=72 recipient=0x100000000000000000000000000000000000003D value=2
INFO [07-29|09:05:52.772] Submitted transaction                    hash=0xa3f304ee518d8f220d1b3e44508d35cea05536cf6ba7810daf0c48ad64a2216d from=0x92424e4F86201c931BA53EB48619D93244c18E13 nonce=73 recipient=0x100000000000000000000000000000000000003E value=2
INFO [07-29|09:05:52.793] Submitted transaction                    hash=0x16e3ac04b0e8d096ec8f189b42c9bffa4aa195174c92a77109362b3a2ef26ab4 from=0x92424e4F86201c931BA53EB48619D93244c18E13 nonce=74 recipient=0x100000000000000000000000000000000000003F value=2
INFO [07-29|09:05:52.815] Submitted transaction                    hash=0xd5687d79c65f39cd1ad8c05fac9b291fc32e302f4a6741b19687cf6cb63a42b5 from=0x92424e4F86201c931BA53EB48619D93244c18E13 nonce=75 recipient=0x1000000000000000000000000000000000000040 value=2
INFO [07-29|09:05:52.833] Submitted transaction                    hash=0xa89911f2d71e00a7b9b6ab3c54d0ff5609840e9fefaa7b3f91ae481069c5e78d from=0x92424e4F86201c931BA53EB48619D93244c18E13 nonce=76 recipient=0x1000000000000000000000000000000000000041 value=2
INFO [07-29|09:05:52.854] Submitted transaction                    hash=0x887db62a9a539bb23810a5953c1f1863c8e69c7a5fbfbf53f68eba829ca5ed6f from=0x92424e4F86201c931BA53EB48619D93244c18E13 nonce=77 recipient=0x1000000000000000000000000000000000000042 value=2
INFO [07-29|09:05:52.874] Submitted transaction                    hash=0x6c28fff3e26fb5c312979bf99ed6789c9944d41f7a7036c11daf9063a7ed258a from=0x92424e4F86201c931BA53EB48619D93244c18E13 nonce=78 recipient=0x1000000000000000000000000000000000000043 value=2
INFO [07-29|09:05:52.896] Submitted transaction                    hash=0x1a1b1de4c3fc7739f3735c289a850dc8e108db309c89f8d5ab5e91e8dcb4cfbf from=0x92424e4F86201c931BA53EB48619D93244c18E13 nonce=79 recipient=0x1000000000000000000000000000000000000044 value=2
INFO [07-29|09:05:53.001] Successfully sealed new block            number=14 sealhash=40417e..5a64c7 hash=54abdd..b97b6c elapsed=999.004ms
INFO [07-29|09:05:53.007] Commit new sealing work                  number=15 sealhash=a83199..f0ed9e txs=40 gas=840,000 fees=0.00084  elapsed=5.672ms
INFO [07-29|09:05:54.001] Successfully sealed new block            number=15 sealhash=a83199..f0ed9e hash=7ae508..f8025d elapsed=994.668ms
INFO [07-29|09:05:54.014] Commit new sealing work                  number=16 sealhash=9ae8b1..61b82b txs=0  gas=0       fees=0        elapsed=12.486ms
INFO [07-29|09:05:56.079] Submitted transaction                    hash=0x3196f89db1eaa35ef8de2350774872532d1613658e5067560419575d6f0d2f74 from=0x92424e4F86201c931BA53EB48619D93244c18E13 nonce=80 recipient=0x1000000000000000000000000000000000000001 value=3
INFO [07-29|09:05:56.097] Submitted transaction                    hash=0x8440b801fdb2ef11dcb64f19232e3f28da2d017a408c6adab2f881472263b58d from=0x92424e4F86201c931BA53EB48619D93244c18E13 nonce=81 recipient=0x1000000000000000000000000000000000000002 value=3
INFO [07-29|09:05:56.115] Submitted transaction                    hash=0xe33a6c91d241323ea0a356123f51e6815e417c4f7ea0eb95b69f55e7b8c032e5 from=0x92424e4F86201c931BA53EB48619D93244c18E13 nonce=82 recipient=0x1000000000000000000000000000000000000003 value=3
INFO [07-29|09:05:56.137] Submitted transaction                    hash=0x065346bf9e72a137d0c21f4e750010a1d9d8f919c910ee99c718c1ed244d1329 from=0x92424e4F86201c931BA53EB48619D93244c18E13 nonce=83 recipient=0x1000000000000000000000000000000000000004 value=3
INFO [07-29|09:05:56.159] Submitted transaction                    hash=0x1c8eec2d6c47874160bf7b06b46345e3a6671ef5c42f642976bef892aecd13fa from=0x92424e4F86201c931BA53EB48619D93244c18E13 nonce=84 recipient=0x1000000000000000000000000000000000000005 value=3
INFO [07-29|09:05:56.181] Submitted transaction                    hash=0x65df6dc3a52d93ba2709ec94430439832fee9786b276884add121d5efd34e912 from=0x92424e4F86201c931BA53EB48619D93244c18E13 nonce=85 recipient=0x1000000000000000000000000000000000000006 value=3
INFO [07-29|09:05:56.202] Submitted transaction                    hash=0x6347645ac55df2790f01ca840195e09968e49b32b4846a7c891b11327f74cbfc from=0x92424e4F86201c931BA53EB48619D93244c18E13 nonce=86 recipient=0x1000000000000000000000000000000000000007 value=3
INFO [07-29|09:05:56.224] Submitted transaction                    hash=0x66487bf41ebb62b9f5417fcfc196918293cf24bcb14b707bfe0bfd2f91e9ab66 from=0x92424e4F86201c931BA53EB48619D93244c18E13 nonce=87 recipient=0x1000000000000000000000000000000000000008 value=3
INFO [07-29|09:05:56.245] Submitted transaction                    hash=0x0ead1242119d162f4813cbfcefd63c7f8e3e3f19529c053c07f20b9208f5f50f from=0x92424e4F86201c931BA53EB48619D93244c18E13 nonce=88 recipient=0x1000000000000000000000000000000000000009 value=3
INFO [07-29|09:05:56.263] Submitted transaction                    hash=0xf90a6213345a859c7e3a036f34c011139de03269a41d66fb39fde3ce8c0030d4 from=0x92424e4F86201c931BA53EB48619D93244c18E13 nonce=89 recipient=0x100000000000000000000000000000000000000A value=3
INFO [07-29|09:05:56.284] Submitted transaction                    hash=0x312690adf20567256ec7ea59cc89717bbf60411ccd091e374701b8cf673a32cc from=0x92424e4F86201c931BA53EB48619D93244c18E13 nonce=90 recipient=0x100000000000000000000000000000000000000b value=3
INFO [07-29|09:05:56.306] Submitted transaction                    hash=0xa62f85d50da4cdd74815e991520b7ce2fb7f469f822296f9d10a837e599b9608 from=0x92424e4F86201c931BA53EB48619D93244c18E13 nonce=91 recipient=0x100000000000000000000000000000000000000c value=3
INFO [07-29|09:05:56.363] Submitted transaction                    hash=0xca8b4f777810d251a3cdaf21b006af82c0273fb9cf2957dfe1dd94df3636acf1 from=0x92424e4F86201c931BA53EB48619D93244c18E13 nonce=92 recipient=0x1000000000000000000000000000000000000045 value=3
INFO [07-29|09:05:56.385] Submitted transaction                    hash=0x7b54d6e6772a8c4aaa6003266aa74635dbfcad6bc399ee109ce86530cb7a5a49 from=0x92424e4F86201c931BA53EB48619D93244c18E13 nonce=93 recipient=0x1000000000000000000000000000000000000046 value=3
INFO [07-29|09:05:56.408] Submitted transaction                    hash=0x3d44dac9daec571b9937c46c7a0c1bc9cfe9a68649808adf260157db540e1a54 from=0x92424e4F86201c931BA53EB48619D93244c18E13 nonce=94 recipient=0x1000000000000000000000000000000000000047 value=3
INFO [07-29|09:05:56.430] Submitted transaction                    hash=0xa96b86a06c0908223eea07935fe560b1b13585a32a89c131510573bd531ec799 from=0x92424e4F86201c931BA53EB48619D93244c18E13 nonce=95 recipient=0x1000000000000000000000000000000000000048 value=3
INFO [07-29|09:05:56.452] Submitted transaction                    hash=0x986c6c0ef23a973fde4dc7aab1e06055827dae83efbe661eed9d0633c41f4a88 from=0x92424e4F86201c931BA53EB48619D93244c18E13 nonce=96 recipient=0x1000000000000000000000000000000000000049 value=3
INFO [07-29|09:05:56.473] Submitted transaction                    hash=0xc6f1baa21fe4dcace891aae8c0dfdef0b84e79fcb9f22b003456cf91fd867463 from=0x92424e4F86201c931BA53EB48619D93244c18E13 nonce=97 recipient=0x100000000000000000000000000000000000004A value=3
INFO [07-29|09:05:56.495] Submitted transaction                    hash=0x2394d184213636dbb2bdf8888fdb3e5eca6c7e0659d6bbf97714990f593bf0ac from=0x92424e4F86201c931BA53EB48619D93244c18E13 nonce=98 recipient=0x100000000000000000000000000000000000004B value=3
INFO [07-29|09:05:56.516] Submitted transaction                    hash=0x36649f18bb53840c7c48d90a2c2f66e7656913034033bc55bae65e7e3a5f9a06 from=0x92424e4F86201c931BA53EB48619D93244c18E13 nonce=99 recipient=0x100000000000000000000000000000000000004c value=3
INFO [07-29|09:05:56.538] Submitted transaction                    hash=0xad9cd9ff4c444270f81465fb578472eba1b42ffe54d565dfa230f87ce1158b3d from=0x92424e4F86201c931BA53EB48619D93244c18E13 nonce=100 recipient=0x100000000000000000000000000000000000004d value=3
INFO [07-29|09:05:56.560] Submitted transaction                    hash=0xd391de49936b4b47e9343808adf771f61f6cdabf6f197fe1f61a5078b83bf2c2 from=0x92424e4F86201c931BA53EB48619D93244c18E13 nonce=101 recipient=0x100000000000000000000000000000000000004e value=3
INFO [07-29|09:05:56.583] Submitted transaction                    hash=0xd6d69cb49eea0fa5b203496f1834d7cbb6068f2623b2efd845532552198a459e from=0x92424e4F86201c931BA53EB48619D93244c18E13 nonce=102 recipient=0x100000000000000000000000000000000000004f value=3
INFO [07-29|09:05:56.606] Submitted transaction                    hash=0x61dfd66607c9e2c0f018ad5aea5b432c034f39ac82542bc78dedbd7420ea4914 from=0x92424e4F86201c931BA53EB48619D93244c18E13 nonce=103 recipient=0x1000000000000000000000000000000000000050 value=3
INFO [07-29|09:05:56.628] Submitted transaction                    hash=0x3d5ce0c1cd85ce280f6c3b29464a0d5591b7648823f7b199723ca0c87a021374 from=0x92424e4F86201c931BA53EB48619D93244c18E13 nonce=104 recipient=0x1000000000000000000000000000000000000051 value=3
INFO [07-29|09:05:56.647] Submitted transaction                    hash=0xec86041edefef80eefa50d28ecdcf5530119671884dd8575ce4403c2a1b7653c from=0x92424e4F86201c931BA53EB48619D93244c18E13 nonce=105 recipient=0x1000000000000000000000000000000000000052 value=3
INFO [07-29|09:05:56.669] Submitted transaction                    hash=0xeff50edf0a9e6df76c3728a0f8e82c3e3534515b7c79078dc57911ea6ef0b78f from=0x92424e4F86201c931BA53EB48619D93244c18E13 nonce=106 recipient=0x1000000000000000000000000000000000000053 value=3
INFO [07-29|09:05:56.691] Submitted transaction                    hash=0x2e5d1d449c31d36b81b0f9bbfd4b8d22b636d1090e8addbec1a95c6f6df9c80b from=0x92424e4F86201c931BA53EB48619D93244c18E13 nonce=107 recipient=0x1000000000000000000000000000000000000054 value=3
INFO [07-29|09:05:56.710] Submitted transaction                    hash=0x124185a2b66a563f0121eb05f2197e6cb238e3318cbc343ab9fcce4f150fdb92 from=0x92424e4F86201c931BA53EB48619D93244c18E13 nonce=108 recipient=0x1000000000000000000000000000000000000055 value=3
INFO [07-29|09:05:56.732] Submitted transaction                    hash=0x72d580749982f0a3de5a965171ab9b14f2b9e893ed1865dd67818bc732d036a9 from=0x92424e4F86201c931BA53EB48619D93244c18E13 nonce=109 recipient=0x1000000000000000000000000000000000000056 value=3
INFO [07-29|09:05:56.754] Submitted transaction                    hash=0xa0ccdc8363c90382685553eb313ff3954172b75070457c3febe4c100ea60a2c7 from=0x92424e4F86201c931BA53EB48619D93244c18E13 nonce=110 recipient=0x1000000000000000000000000000000000000057 value=3
INFO [07-29|09:05:56.775] Submitted transaction                    hash=0x9da6493dc3f25ad48e277cdb42579909ac7df6faef7da030e49ed6cecf5ddef7 from=0x92424e4F86201c931BA53EB48619D93244c18E13 nonce=111 recipient=0x1000000000000000000000000000000000000058 value=3
INFO [07-29|09:05:56.796] Submitted transaction                    hash=0x4a1b1ec5d9c783c30488f0d3d82ce5feb19241f3a7005e279aedacfe5ff18fe9 from=0x92424e4F86201c931BA53EB48619D93244c18E13 nonce=112 recipient=0x1000000000000000000000000000000000000059 value=3
INFO [07-29|09:05:56.817] Submitted transaction                    hash=0x09f11e9480aa0708873708ccb586d63c7149fb9a38735c29ea84b2981eca944d from=0x92424e4F86201c931BA53EB48619D93244c18E13 nonce=113 recipient=0x100000000000000000000000000000000000005A value=3
INFO [07-29|09:05:56.839] Submitted transaction                    hash=0x3a03dca74ecc2b66d77c322f129c8b4101174609c85bf9fc56654162414749a1 from=0x92424e4F86201c931BA53EB48619D93244c18E13 nonce=114 recipient=0x100000000000000000000000000000000000005B value=3
INFO [07-29|09:05:56.862] Submitted transaction                    hash=0x59f4b05631b56f74c7916132be467f5174778e0d661d6ef19ffa3ff78add0ac4 from=0x92424e4F86201c931BA53EB48619D93244c18E13 nonce=115 recipient=0x100000000000000000000000000000000000005C value=3
INFO [07-29|09:05:56.885] Submitted transaction                    hash=0xd5b4ab78b291f2b13fee30a8fe2e9ab932ea9537fa3c37c0349fbd0a4a470e2c from=0x92424e4F86201c931BA53EB48619D93244c18E13 nonce=116 recipient=0x100000000000000000000000000000000000005D value=3
INFO [07-29|09:05:56.907] Submitted transaction                    hash=0xc6d16ca26f76d1863f36ebe26cb9aa5605a3b2015028fa3d31c5a552bfd32816 from=0x92424e4F86201c931BA53EB48619D93244c18E13 nonce=117 recipient=0x100000000000000000000000000000000000005E value=3
INFO [07-29|09:05:56.928] Submitted transaction                    hash=0x96bc4164ce31ca684182fda5fd000753802002282ceb42faaf6288fda4256ae1 from=0x92424e4F86201c931BA53EB48619D93244c18E13 nonce=118 recipient=0x100000000000000000000000000000000000005F value=3
INFO [07-29|09:05:56.947] Submitted transaction                    hash=0xaa0069bbad254ba3c12e7dfc3decb479877b029ec7f997c4ef2217a01a723e2c from=0x92424e4F86201c931BA53EB48619D93244c18E13 nonce=119 recipient=0x1000000000000000000000000000000000000060 value=3
INFO [07-29|09:05:57.005] Fountain MPT shadow epoch finalized      start=1 end=16 root=8c4d5b..5c8af8 roots=16 versions=17 paths=15 historicalLeaves=2 aggregateProofs=1
INFO [07-29|09:05:57.005] Successfully sealed new block            number=16 sealhash=9ae8b1..61b82b hash=7d5712..aa8466 elapsed=2.990s
INFO [07-29|09:05:57.011] Commit new sealing work                  number=17 sealhash=c77621..ef912b txs=40 gas=840,000 fees=0.00084  elapsed=5.705ms
INFO [07-29|09:05:57.013] Successfully sealed new block            number=17 sealhash=c77621..ef912b hash=464070..5da3e7 elapsed=2.424ms
INFO [07-29|09:05:57.025] Commit new sealing work                  number=18 sealhash=de61f1..98f6da txs=0  gas=0       fees=0        elapsed=12.495ms
INFO [07-29|09:05:58.001] Successfully sealed new block            number=18 sealhash=de61f1..98f6da hash=aa1926..8d321b elapsed=976.046ms
INFO [07-29|09:05:58.002] Commit new sealing work                  number=19 sealhash=f83826..6520b4 txs=0  gas=0       fees=0        elapsed="611.574µs"
INFO [07-29|09:05:59.002] Successfully sealed new block            number=19 sealhash=f83826..6520b4 hash=3b2fee..9f7a19 elapsed=999.407ms
INFO [07-29|09:05:59.002] Commit new sealing work                  number=20 sealhash=90218d..4155ba txs=0  gas=0       fees=0        elapsed="602.437µs"
INFO [07-29|09:06:00.002] Successfully sealed new block            number=20 sealhash=90218d..4155ba hash=109ad2..0c96ed elapsed=999.392ms
INFO [07-29|09:06:00.002] Commit new sealing work                  number=21 sealhash=47415d..86d01b txs=0  gas=0       fees=0        elapsed="636.549µs"
INFO [07-29|09:06:00.140] Submitted transaction                    hash=0xf870cd39b1f2953450ea510cceeff7fc25fa25ad0cb195bb3238454cf0194be7 from=0x92424e4F86201c931BA53EB48619D93244c18E13 nonce=120 recipient=0x1000000000000000000000000000000000000001 value=4
INFO [07-29|09:06:00.159] Submitted transaction                    hash=0xdc4f00d883dd697c75ad073dbbf45d102496be79c19e2f04a1928f413dd9419d from=0x92424e4F86201c931BA53EB48619D93244c18E13 nonce=121 recipient=0x1000000000000000000000000000000000000002 value=4
INFO [07-29|09:06:00.181] Submitted transaction                    hash=0x6ca4770995f6684d0918aefbe2ea3bdcf4e4af6566a7c74789e178baa76ac0dc from=0x92424e4F86201c931BA53EB48619D93244c18E13 nonce=122 recipient=0x1000000000000000000000000000000000000003 value=4
INFO [07-29|09:06:00.203] Submitted transaction                    hash=0xebe4e0a0650830870c3f2e916098349a45eaf270fb846d8c798957d0301bf1be from=0x92424e4F86201c931BA53EB48619D93244c18E13 nonce=123 recipient=0x1000000000000000000000000000000000000004 value=4
INFO [07-29|09:06:00.225] Submitted transaction                    hash=0xce0830b1045a7ccebfb9a323708301f44beb3c02ef21b417cbeb2e9d162a49e1 from=0x92424e4F86201c931BA53EB48619D93244c18E13 nonce=124 recipient=0x1000000000000000000000000000000000000005 value=4
INFO [07-29|09:06:00.248] Submitted transaction                    hash=0x4f3a143abdb303f07359d519a618ae4d34e58c1dc4561b52282da57e0b54880b from=0x92424e4F86201c931BA53EB48619D93244c18E13 nonce=125 recipient=0x1000000000000000000000000000000000000006 value=4
INFO [07-29|09:06:00.266] Submitted transaction                    hash=0xd770cd1ea0c53e70de7b047d28093e658bb22d396ff7d8cae27e299205c57e52 from=0x92424e4F86201c931BA53EB48619D93244c18E13 nonce=126 recipient=0x1000000000000000000000000000000000000007 value=4
INFO [07-29|09:06:00.287] Submitted transaction                    hash=0x2a737a51179bce3176beff61ae4cd4b791a3fe0ebbd400c74b835e7ee3f20de0 from=0x92424e4F86201c931BA53EB48619D93244c18E13 nonce=127 recipient=0x1000000000000000000000000000000000000008 value=4
INFO [07-29|09:06:00.310] Submitted transaction                    hash=0x8d8df34691555848dca6ee018046c5d0f8965bfba917a8d262373d50a0f1df7b from=0x92424e4F86201c931BA53EB48619D93244c18E13 nonce=128 recipient=0x1000000000000000000000000000000000000009 value=4
INFO [07-29|09:06:00.333] Submitted transaction                    hash=0xd9db0aca6bcd96ccbc47852738199c569384e0587dd74c25c0f74e7f3574da3b from=0x92424e4F86201c931BA53EB48619D93244c18E13 nonce=129 recipient=0x100000000000000000000000000000000000000A value=4
INFO [07-29|09:06:00.355] Submitted transaction                    hash=0x4d618610a83e1d5b6026911cbc6b0d065eb61b10a8633e9bb006ee00e0425d36 from=0x92424e4F86201c931BA53EB48619D93244c18E13 nonce=130 recipient=0x100000000000000000000000000000000000000b value=4
INFO [07-29|09:06:00.377] Submitted transaction                    hash=0xa192fcf292069a42349ca82176795cc77d695f390dc7082b692c5e26ce80e86b from=0x92424e4F86201c931BA53EB48619D93244c18E13 nonce=131 recipient=0x100000000000000000000000000000000000000c value=4
INFO [07-29|09:06:00.435] Submitted transaction                    hash=0x050eb282ce3526caf63577198505c8b0ce0c7022e258ce877a7e3beeaf8500ef from=0x92424e4F86201c931BA53EB48619D93244c18E13 nonce=132 recipient=0x1000000000000000000000000000000000000061 value=4
INFO [07-29|09:06:00.458] Submitted transaction                    hash=0x87312a38c4d747b8b8d6e8da22356f27d7aa59b907d4080c5fe1089f580ff79b from=0x92424e4F86201c931BA53EB48619D93244c18E13 nonce=133 recipient=0x1000000000000000000000000000000000000062 value=4
INFO [07-29|09:06:00.480] Submitted transaction                    hash=0xf1b003664b5e4f2fe370773b19261dca8f6ae7a92fe7a867cf3e55fa43708d86 from=0x92424e4F86201c931BA53EB48619D93244c18E13 nonce=134 recipient=0x1000000000000000000000000000000000000063 value=4
INFO [07-29|09:06:00.499] Submitted transaction                    hash=0xb3f446586db323083e1965d7e7dce4bf13c8805cd471f0864837e44d926f3fe3 from=0x92424e4F86201c931BA53EB48619D93244c18E13 nonce=135 recipient=0x1000000000000000000000000000000000000064 value=4
INFO [07-29|09:06:00.521] Submitted transaction                    hash=0x1d5f7d811c2c3915a835a611d6360ea0934e513da08867298fa079c2b8c50bbd from=0x92424e4F86201c931BA53EB48619D93244c18E13 nonce=136 recipient=0x1000000000000000000000000000000000000065 value=4
INFO [07-29|09:06:00.543] Submitted transaction                    hash=0x23e1f372b6d1f3051ef581cbcf424948e6da6944b6375e157e0d688d9ec9d981 from=0x92424e4F86201c931BA53EB48619D93244c18E13 nonce=137 recipient=0x1000000000000000000000000000000000000066 value=4
INFO [07-29|09:06:00.564] Submitted transaction                    hash=0x173affb90f6ccecbdb5de80ad833024fc58f7fa812b858d89f9f6e90dd2fc072 from=0x92424e4F86201c931BA53EB48619D93244c18E13 nonce=138 recipient=0x1000000000000000000000000000000000000067 value=4
INFO [07-29|09:06:00.586] Submitted transaction                    hash=0x80f5b1f63a00635e61b584a28927a568877f8ae3107b0009adfd14260f22b16e from=0x92424e4F86201c931BA53EB48619D93244c18E13 nonce=139 recipient=0x1000000000000000000000000000000000000068 value=4
INFO [07-29|09:06:00.607] Submitted transaction                    hash=0x46f602061e54b363975b2cb3a69f34697d805fa93a2b33bdc358007ac8b09225 from=0x92424e4F86201c931BA53EB48619D93244c18E13 nonce=140 recipient=0x1000000000000000000000000000000000000069 value=4
INFO [07-29|09:06:00.628] Submitted transaction                    hash=0x2f0f00fbd461480b0563c1e5a97556034560f7d6e8976e245abbc3a8eff46567 from=0x92424e4F86201c931BA53EB48619D93244c18E13 nonce=141 recipient=0x100000000000000000000000000000000000006A value=4
INFO [07-29|09:06:00.650] Submitted transaction                    hash=0x4fc083b030b1034a2b692f708be271c6565d38a34ff68a1001944542ee92bd52 from=0x92424e4F86201c931BA53EB48619D93244c18E13 nonce=142 recipient=0x100000000000000000000000000000000000006b value=4
INFO [07-29|09:06:00.673] Submitted transaction                    hash=0xcbb1a0e00958a099a92381ae3d4c839bce57526335f77f9e5bdf1fb71dac7f3c from=0x92424e4F86201c931BA53EB48619D93244c18E13 nonce=143 recipient=0x100000000000000000000000000000000000006c value=4
INFO [07-29|09:06:00.695] Submitted transaction                    hash=0xac60919dc333aadd1947c22777bdfe665ec80f68e44928e0b2f2971fb2cae0ee from=0x92424e4F86201c931BA53EB48619D93244c18E13 nonce=144 recipient=0x100000000000000000000000000000000000006D value=4
INFO [07-29|09:06:00.718] Submitted transaction                    hash=0x45f149b7b06a09feee4aa7faffa8ce77c0d29db1610cdfd0862d35e6d363be55 from=0x92424e4F86201c931BA53EB48619D93244c18E13 nonce=145 recipient=0x100000000000000000000000000000000000006e value=4
INFO [07-29|09:06:00.740] Submitted transaction                    hash=0x7f8ec83b0c9b5c9e87030773d10814dd33dd1849ffc35b50c87ee12bc38262af from=0x92424e4F86201c931BA53EB48619D93244c18E13 nonce=146 recipient=0x100000000000000000000000000000000000006F value=4
INFO [07-29|09:06:00.762] Submitted transaction                    hash=0x5c9056c4aafaf94166368c4c7cdcceaea8de9834f3c5a415361a17747f7d1aaf from=0x92424e4F86201c931BA53EB48619D93244c18E13 nonce=147 recipient=0x1000000000000000000000000000000000000070 value=4
INFO [07-29|09:06:00.783] Submitted transaction                    hash=0x019fe540c72aee84e63117c225a6f0c6f0fa4a9d4740140e8cac2663214a70ee from=0x92424e4F86201c931BA53EB48619D93244c18E13 nonce=148 recipient=0x1000000000000000000000000000000000000071 value=4
INFO [07-29|09:06:00.804] Submitted transaction                    hash=0x62da1cfaa39d06089e0bd8a1b7a2c98ea8bf9905bb1b77a8e43bee3aef4028ad from=0x92424e4F86201c931BA53EB48619D93244c18E13 nonce=149 recipient=0x1000000000000000000000000000000000000072 value=4
INFO [07-29|09:06:00.825] Submitted transaction                    hash=0x26eaa1f65411246a4bda8ed42fdcc18cb982810de5572b62841a86bfb96cce78 from=0x92424e4F86201c931BA53EB48619D93244c18E13 nonce=150 recipient=0x1000000000000000000000000000000000000073 value=4
INFO [07-29|09:06:00.846] Submitted transaction                    hash=0x86bbf297cad221b9d9d70e5bfbdaa181a884b71be0a4797f69c198a767bcc12b from=0x92424e4F86201c931BA53EB48619D93244c18E13 nonce=151 recipient=0x1000000000000000000000000000000000000074 value=4
INFO [07-29|09:06:00.868] Submitted transaction                    hash=0x17bcf39961fc29eb5964093ce62b932c6f091f4441ff15347cc0fd077ef842a2 from=0x92424e4F86201c931BA53EB48619D93244c18E13 nonce=152 recipient=0x1000000000000000000000000000000000000075 value=4
INFO [07-29|09:06:00.889] Submitted transaction                    hash=0x963b20cd19f9ed2c0023d3cdccaa22b6a845d9579d26d94bb79a8e9dfa55d17f from=0x92424e4F86201c931BA53EB48619D93244c18E13 nonce=153 recipient=0x1000000000000000000000000000000000000076 value=4
INFO [07-29|09:06:00.911] Submitted transaction                    hash=0x2947e3458daf9fc4ae48617bf4b41e3f81987bb11230ed9e52efa38d901e59d1 from=0x92424e4F86201c931BA53EB48619D93244c18E13 nonce=154 recipient=0x1000000000000000000000000000000000000077 value=4
INFO [07-29|09:06:00.934] Submitted transaction                    hash=0x607665be9ab1c0eb7d3b4e0f2aadc45214e6235e778d0ac7d3f49b8d4a1be7e4 from=0x92424e4F86201c931BA53EB48619D93244c18E13 nonce=155 recipient=0x1000000000000000000000000000000000000078 value=4
INFO [07-29|09:06:00.957] Submitted transaction                    hash=0x6af72656e6e3d0d7f441b9ee971bdb87cb4f22285315264c8bb4b07fb82a46f9 from=0x92424e4F86201c931BA53EB48619D93244c18E13 nonce=156 recipient=0x1000000000000000000000000000000000000079 value=4
INFO [07-29|09:06:00.979] Submitted transaction                    hash=0x8cd4fe085696c918d58c6afd38286db01dea74c0056732a1d1043bc09953272c from=0x92424e4F86201c931BA53EB48619D93244c18E13 nonce=157 recipient=0x100000000000000000000000000000000000007A value=4
INFO [07-29|09:06:01.001] Submitted transaction                    hash=0x0cc7bd7ed7f96d664aaa0e9d2067fe4ea52f339b02d3fab66e644e18befd9fb3 from=0x92424e4F86201c931BA53EB48619D93244c18E13 nonce=158 recipient=0x100000000000000000000000000000000000007B value=4
INFO [07-29|09:06:01.002] Successfully sealed new block            number=21 sealhash=47415d..86d01b hash=06fe5c..7b5662 elapsed=999.258ms
INFO [07-29|09:06:01.007] Commit new sealing work                  number=22 sealhash=ad55f7..6a5bf3 txs=39 gas=819,000 fees=0.000819 elapsed=5.813ms
INFO [07-29|09:06:01.021] Submitted transaction                    hash=0xce705b3571fd07aa6b9bc6a47cd211bfe0c3f34bb4fe1f260acd9e8575e598a0 from=0x92424e4F86201c931BA53EB48619D93244c18E13 nonce=159 recipient=0x100000000000000000000000000000000000007C value=4
INFO [07-29|09:06:02.002] Successfully sealed new block            number=22 sealhash=ad55f7..6a5bf3 hash=9ad087..feb338 elapsed=994.513ms
INFO [07-29|09:06:02.015] Commit new sealing work                  number=23 sealhash=b48c6d..75f6fa txs=1  gas=21000   fees=2.1e-05  elapsed=12.815ms
INFO [07-29|09:06:03.002] Successfully sealed new block            number=23 sealhash=b48c6d..75f6fa hash=a7ef66..fd94fa elapsed=986.739ms
INFO [07-29|09:06:03.003] Commit new sealing work                  number=24 sealhash=25bf11..ec1d0b txs=0  gas=0       fees=0        elapsed=1.204ms
INFO [07-29|09:06:04.001] Successfully sealed new block            number=24 sealhash=25bf11..ec1d0b hash=91eaf8..2c97a9 elapsed=998.209ms
INFO [07-29|09:06:04.002] Commit new sealing work                  number=25 sealhash=003e64..38c4d7 txs=0  gas=0       fees=0        elapsed="567.479µs"
INFO [07-29|09:06:05.001] Successfully sealed new block            number=25 sealhash=003e64..38c4d7 hash=30bd99..a4b27f elapsed=999.243ms
INFO [07-29|09:06:05.001] Commit new sealing work                  number=26 sealhash=f72060..3ca3ba txs=0  gas=0       fees=0        elapsed="519.422µs"
INFO [07-29|09:06:06.001] Successfully sealed new block            number=26 sealhash=f72060..3ca3ba hash=eaad23..7ac5a2 elapsed=1.000s
INFO [07-29|09:06:06.002] Commit new sealing work                  number=27 sealhash=a3807d..264674 txs=0  gas=0       fees=0        elapsed="614.445µs"
INFO [07-29|09:06:07.001] Successfully sealed new block            number=27 sealhash=a3807d..264674 hash=768f7f..4c4e6e elapsed=998.846ms
INFO [07-29|09:06:07.002] Commit new sealing work                  number=28 sealhash=a31b3a..06c90d txs=0  gas=0       fees=0        elapsed="626.189µs"
INFO [07-29|09:06:08.001] Successfully sealed new block            number=28 sealhash=a31b3a..06c90d hash=527e9d..9a3c5c elapsed=999.788ms
INFO [07-29|09:06:08.002] Commit new sealing work                  number=29 sealhash=d532c7..2709d9 txs=0  gas=0       fees=0        elapsed="541.419µs"
INFO [07-29|09:06:09.001] Successfully sealed new block            number=29 sealhash=d532c7..2709d9 hash=f916fa..af4328 elapsed=999.157ms
INFO [07-29|09:06:09.002] Commit new sealing work                  number=30 sealhash=99bf56..3c1a1c txs=0  gas=0       fees=0        elapsed="537.894µs"
INFO [07-29|09:06:10.000] Successfully sealed new block            number=30 sealhash=99bf56..3c1a1c hash=9b93af..9169c4 elapsed=998.808ms
INFO [07-29|09:06:10.001] Commit new sealing work                  number=31 sealhash=4a253a..b82bee txs=0  gas=0       fees=0        elapsed="466.58µs"
INFO [07-29|09:06:11.001] Successfully sealed new block            number=31 sealhash=4a253a..b82bee hash=b094b4..6309c2 elapsed=999.981ms
INFO [07-29|09:06:11.002] Commit new sealing work                  number=32 sealhash=179e78..9d4c0f txs=0  gas=0       fees=0        elapsed="787.447µs"
INFO [07-29|09:06:17.482] Fountain MPT shadow epoch finalized      start=17 end=32 root=52e6b7..902785 roots=16 versions=28 paths=37 historicalLeaves=4 aggregateProofs=1
INFO [07-29|09:06:17.482] Successfully sealed new block            number=32 sealhash=179e78..9d4c0f hash=a88b41..7acdf8 elapsed=6.479s
INFO [07-29|09:06:32.600] Got interrupt, shutting down...
INFO [07-29|09:06:32.600] HTTP server stopped                      endpoint=127.0.0.1:8545
INFO [07-29|09:06:32.600] HTTP server stopped                      endpoint=127.0.0.1:8551
INFO [07-29|09:06:32.600] IPC endpoint closed                      url=/root/qqf/raptorq-geth/data/node1/geth.ipc
INFO [07-29|09:06:32.600] Ethereum protocol stopped
INFO [07-29|09:06:32.600] Transaction pool stopped
INFO [07-29|09:06:32.600] Looking for peers                        peercount=2 tried=0 static=3
INFO [07-29|09:06:32.602] Writing cached state to disk             block=32 hash=a88b41..7acdf8 root=52e6b7..902785
INFO [07-29|09:06:32.603] Persisted trie from memory database      nodes=167 size=24.48KiB time=1.219676ms gcnodes=0 gcsize=0.00B gctime=0s livenodes=111 livesize=18.68KiB
INFO [07-29|09:06:32.603] Writing cached state to disk             block=31 hash=b094b4..6309c2 root=52e6b7..902785
INFO [07-29|09:06:32.603] Persisted trie from memory database      nodes=0   size=0.00B    time="5.574µs"  gcnodes=0 gcsize=0.00B gctime=0s livenodes=111 livesize=18.68KiB
INFO [07-29|09:06:32.603] Writing snapshot state to disk           root=38eb50..9b0d65
INFO [07-29|09:06:32.603] Persisted trie from memory database      nodes=0   size=0.00B    time="1.549µs"  gcnodes=0 gcsize=0.00B gctime=0s livenodes=111 livesize=18.68KiB
INFO [07-29|09:06:32.604] Blockchain stopped
